###############################################################################
#
# IAR ELF Linker V8.32.1.169/W32 for ARM                  08/Dec/2021  16:55:04
# Copyright 2007-2018 IAR Systems AB.
#
#    Output file  =  
#        D:\My Files\SmartCar\LQ_F3277_Lib 210415\IARprj\Debug\Exe\MM32.out
#    Map file     =  
#        D:\My Files\SmartCar\LQ_F3277_Lib 210415\IARprj\Debug\List\MM32.map
#    Command line =  
#        -f C:\Users\FALCON~1\AppData\Local\Temp\EWE785.tmp ("D:\My
#        Files\SmartCar\LQ_F3277_Lib 210415\IARprj\Debug\Obj\Angle_Est.o"
#        "D:\My Files\SmartCar\LQ_F3277_Lib 210415\IARprj\Debug\Obj\Control.o"
#        "D:\My Files\SmartCar\LQ_F3277_Lib 210415\IARprj\Debug\Obj\hal_adc.o"
#        "D:\My Files\SmartCar\LQ_F3277_Lib 210415\IARprj\Debug\Obj\hal_bkp.o"
#        "D:\My Files\SmartCar\LQ_F3277_Lib 210415\IARprj\Debug\Obj\hal_can.o"
#        "D:\My Files\SmartCar\LQ_F3277_Lib 210415\IARprj\Debug\Obj\hal_comp.o"
#        "D:\My Files\SmartCar\LQ_F3277_Lib 210415\IARprj\Debug\Obj\hal_crc.o"
#        "D:\My Files\SmartCar\LQ_F3277_Lib 210415\IARprj\Debug\Obj\hal_crs.o"
#        "D:\My Files\SmartCar\LQ_F3277_Lib 210415\IARprj\Debug\Obj\hal_dac.o"
#        "D:\My Files\SmartCar\LQ_F3277_Lib 210415\IARprj\Debug\Obj\hal_dbg.o"
#        "D:\My Files\SmartCar\LQ_F3277_Lib 210415\IARprj\Debug\Obj\hal_dma.o"
#        "D:\My Files\SmartCar\LQ_F3277_Lib 210415\IARprj\Debug\Obj\hal_eth.o"
#        "D:\My Files\SmartCar\LQ_F3277_Lib 210415\IARprj\Debug\Obj\hal_exti.o"
#        "D:\My Files\SmartCar\LQ_F3277_Lib
#        210415\IARprj\Debug\Obj\hal_flash.o" "D:\My
#        Files\SmartCar\LQ_F3277_Lib 210415\IARprj\Debug\Obj\hal_fsmc.o" "D:\My
#        Files\SmartCar\LQ_F3277_Lib 210415\IARprj\Debug\Obj\hal_gpio.o" "D:\My
#        Files\SmartCar\LQ_F3277_Lib 210415\IARprj\Debug\Obj\hal_i2c.o" "D:\My
#        Files\SmartCar\LQ_F3277_Lib 210415\IARprj\Debug\Obj\hal_iwdg.o" "D:\My
#        Files\SmartCar\LQ_F3277_Lib 210415\IARprj\Debug\Obj\hal_misc.o" "D:\My
#        Files\SmartCar\LQ_F3277_Lib 210415\IARprj\Debug\Obj\hal_pwr.o" "D:\My
#        Files\SmartCar\LQ_F3277_Lib 210415\IARprj\Debug\Obj\hal_rcc.o" "D:\My
#        Files\SmartCar\LQ_F3277_Lib 210415\IARprj\Debug\Obj\hal_rtc.o" "D:\My
#        Files\SmartCar\LQ_F3277_Lib 210415\IARprj\Debug\Obj\hal_sdio.o" "D:\My
#        Files\SmartCar\LQ_F3277_Lib 210415\IARprj\Debug\Obj\hal_spi.o" "D:\My
#        Files\SmartCar\LQ_F3277_Lib 210415\IARprj\Debug\Obj\hal_tim.o" "D:\My
#        Files\SmartCar\LQ_F3277_Lib 210415\IARprj\Debug\Obj\hal_uart.o" "D:\My
#        Files\SmartCar\LQ_F3277_Lib 210415\IARprj\Debug\Obj\hal_uid.o" "D:\My
#        Files\SmartCar\LQ_F3277_Lib 210415\IARprj\Debug\Obj\hal_ver.o" "D:\My
#        Files\SmartCar\LQ_F3277_Lib 210415\IARprj\Debug\Obj\hal_wwdg.o" "D:\My
#        Files\SmartCar\LQ_F3277_Lib 210415\IARprj\Debug\Obj\LQ_ADC.o" "D:\My
#        Files\SmartCar\LQ_F3277_Lib 210415\IARprj\Debug\Obj\LQ_AnoScope.o"
#        "D:\My Files\SmartCar\LQ_F3277_Lib
#        210415\IARprj\Debug\Obj\LQ_CAMERA.o" "D:\My
#        Files\SmartCar\LQ_F3277_Lib 210415\IARprj\Debug\Obj\LQ_demo_DMP.o"
#        "D:\My Files\SmartCar\LQ_F3277_Lib 210415\IARprj\Debug\Obj\LQ_DMA.o"
#        "D:\My Files\SmartCar\LQ_F3277_Lib
#        210415\IARprj\Debug\Obj\LQ_Encoder.o" "D:\My
#        Files\SmartCar\LQ_F3277_Lib 210415\IARprj\Debug\Obj\LQ_FLASH.o" "D:\My
#        Files\SmartCar\LQ_F3277_Lib 210415\IARprj\Debug\Obj\LQ_GPIO.o" "D:\My
#        Files\SmartCar\LQ_F3277_Lib 210415\IARprj\Debug\Obj\LQ_GPIO_EXIT.o"
#        "D:\My Files\SmartCar\LQ_F3277_Lib
#        210415\IARprj\Debug\Obj\LQ_GPIO_KEY.o" "D:\My
#        Files\SmartCar\LQ_F3277_Lib 210415\IARprj\Debug\Obj\LQ_GPIO_LED.o"
#        "D:\My Files\SmartCar\LQ_F3277_Lib 210415\IARprj\Debug\Obj\LQ_I2C.o"
#        "D:\My Files\SmartCar\LQ_F3277_Lib
#        210415\IARprj\Debug\Obj\LQ_I2C_MPU6050.o" "D:\My
#        Files\SmartCar\LQ_F3277_Lib 210415\IARprj\Debug\Obj\LQ_ICM42605.o"
#        "D:\My Files\SmartCar\LQ_F3277_Lib
#        210415\IARprj\Debug\Obj\LQ_ImageProcess.o" "D:\My
#        Files\SmartCar\LQ_F3277_Lib 210415\IARprj\Debug\Obj\LQ_Inductor.o"
#        "D:\My Files\SmartCar\LQ_F3277_Lib
#        210415\IARprj\Debug\Obj\LQ_MotorServo.o" "D:\My
#        Files\SmartCar\LQ_F3277_Lib 210415\APP\MPU6050\LQ_MPU6050_DMP.a"
#        "D:\My Files\SmartCar\LQ_F3277_Lib
#        210415\IARprj\Debug\Obj\LQ_MT9V034.o" "D:\My
#        Files\SmartCar\LQ_F3277_Lib 210415\IARprj\Debug\Obj\LQ_OLED096.o"
#        "D:\My Files\SmartCar\LQ_F3277_Lib 210415\IARprj\Debug\Obj\LQ_PID.o"
#        "D:\My Files\SmartCar\LQ_F3277_Lib 210415\IARprj\Debug\Obj\LQ_PWM.o"
#        "D:\My Files\SmartCar\LQ_F3277_Lib
#        210415\IARprj\Debug\Obj\LQ_SOFTI2C.o" "D:\My
#        Files\SmartCar\LQ_F3277_Lib 210415\IARprj\Debug\Obj\LQ_SOFTSPI.o"
#        "D:\My Files\SmartCar\LQ_F3277_Lib 210415\IARprj\Debug\Obj\LQ_SPI.o"
#        "D:\My Files\SmartCar\LQ_F3277_Lib 210415\IARprj\Debug\Obj\LQ_SYS.o"
#        "D:\My Files\SmartCar\LQ_F3277_Lib 210415\IARprj\Debug\Obj\LQ_TFT18.o"
#        "D:\My Files\SmartCar\LQ_F3277_Lib 210415\IARprj\Debug\Obj\LQ_TIMER.o"
#        "D:\My Files\SmartCar\LQ_F3277_Lib 210415\IARprj\Debug\Obj\LQ_UART.o"
#        "D:\My Files\SmartCar\LQ_F3277_Lib 210415\IARprj\Debug\Obj\main.o"
#        "D:\My Files\SmartCar\LQ_F3277_Lib
#        210415\IARprj\Debug\Obj\startup_mm32f327x_iar.o" "D:\My
#        Files\SmartCar\LQ_F3277_Lib
#        210415\IARprj\Debug\Obj\system_mm32f327x.o" --no_out_extension -o
#        "D:\My Files\SmartCar\LQ_F3277_Lib 210415\IARprj\Debug\Exe\MM32.out"
#        --map "D:\My Files\SmartCar\LQ_F3277_Lib
#        210415\IARprj\Debug\List\MM32.map" --config "D:\Program Files
#        (x86)\IAR Systems\arm\config\linker\MindMotion\MM32F3270.icf"
#        --semihosting --entry __iar_program_start --vfe --text_out locale)
#
###############################################################################

*******************************************************************************
*** MESSAGES
***

Warning[Lt009]: Inconsistent wchar_t size
            LQ_MPU6050_DMP.o(LQ_MPU6050_DMP.a) has wchar_t size 16 bits
            Angle_Est.o and 86 other objects, some of them in dl7M_tlf.a and 14
                      other libraries have wchar_t size 32 bits


*******************************************************************************
*** RUNTIME MODEL ATTRIBUTES
***

CppFlavor       = *
__SystemLibrary = DLib
__dlib_version  = 6


*******************************************************************************
*** HEAP SELECTION
***

The basic heap was selected because no calls to memory allocation
functions were found in the application outside of system library
functions, and there are calls to deallocation functions in the
application.


*******************************************************************************
*** PLACEMENT SUMMARY
***

"A0":  place at 0x800'0000 { ro section .intvec };
"P1":  place in [from 0x800'0000 to 0x807'ffff] { ro };
define block CSTACK with size = 2K, alignment = 8 { };
define block HEAP with size = 2K, alignment = 8 { };
"P2":  place in [from 0x2000'0000 to 0x2001'ffff] {
          rw, block CSTACK, block HEAP };
initialize by copy { rw };

  Section            Kind         Address    Size  Object
  -------            ----         -------    ----  ------
"A0":                                       0x190
  .intvec            ro code   0x800'0000   0x190  startup_mm32f327x_iar.o [1]
                             - 0x800'0190   0x190

"P1":                                      0x4a43
  .text              ro code   0x800'0190   0xc16  xprintflarge_nomb.o [3]
  .text              ro code   0x800'0da6    0x3a  zero_init3.o [5]
  .text              ro code   0x800'0de0    0x16  strchr.o [5]
  .text              ro code   0x800'0df6     0xa  xsprout.o [3]
  .text              ro code   0x800'0e00    0x40  xfail_s.o [3]
  .text              ro code   0x800'0e40    0x36  strlen.o [5]
  .text              ro code   0x800'0e76     0x2  startup_mm32f327x_iar.o [1]
  .text              ro code   0x800'0e78    0x58  memchr.o [5]
  .text              ro code   0x800'0ed0   0x230  I64DivMod.o [5]
  .text              ro code   0x800'1100   0x1a2  DblMul.o [4]
  .text              ro code   0x800'12a4    0xa6  ABImemcpy.o [5]
  .text              ro code   0x800'134c    0x70  frexp.o [4]
  .text              ro code   0x800'13bc   0x246  DblDiv.o [4]
  .text              ro code   0x800'1604    0x28  DblToU32.o [4]
  .text              ro code   0x800'162c    0x1a  U32ToDbl.o [4]
  .text              ro code   0x800'1648    0xe2  DblSub.o [4]
  .text              ro code   0x800'172c     0x8  xlocale_c.o [3]
  .text              ro code   0x800'1734     0x6  abort.o [3]
  .text              ro code   0x800'173c     0x2  I64DivZer.o [5]
  .text              ro code   0x800'1740   0x16a  DblAdd.o [4]
  .text              ro code   0x800'18ac    0x14  exit.o [6]
  .rodata            const     0x800'18c0   0xbe0  LQ_TFT18.o [1]
  .text              ro code   0x800'24a0   0x590  LQ_TFT18.o [1]
  .text              ro code   0x800'2a30   0x118  LQ_GPIO.o [1]
  .text              ro code   0x800'2b48   0x108  hal_gpio.o [1]
  .text              ro code   0x800'2c50    0x28  hal_exti.o [1]
  .text              ro code   0x800'2c78    0x3c  LQ_CAMERA.o [1]
  .text              ro code   0x800'2cb4   0x290  LQ_GPIO_LED.o [1]
  .text              ro code   0x800'2f44   0x130  hal_rcc.o [1]
  .rodata            const     0x800'3074   0x4bc  LQ_TFT18.o [1]
  .text              ro code   0x800'3530   0x3f8  LQ_TIMER.o [1]
  .text              ro code   0x800'3928    0xd8  hal_tim.o [1]
  .text              ro code   0x800'3a00   0x2d4  LQ_ICM42605.o [1]
  .text              ro code   0x800'3cd4    0x40  sprintf.o [3]
  .text              ro code   0x800'3d14    0xbc  Angle_Est.o [1]
  .text              ro code   0x800'3dd0    0x8c  LQ_Encoder.o [1]
  .text              ro code   0x800'3e5c    0xd0  LQ_SYS.o [1]
  .text              ro code   0x800'3f2c    0xc0  LQ_SOFTSPI.o [1]
  .text              ro code   0x800'3fec   0x354  LQ_UART.o [1]
  .text              ro code   0x800'4340    0x28  printf.o [3]
  .text              ro code   0x800'4368    0x24  S32ToFlt.o [4]
  .text              ro code   0x800'438c    0x22  S32ToDbl.o [4]
  .text              ro code   0x800'43b0    0x68  DblToFlt.o [4]
  .text              ro code   0x800'4418    0x48  FltToDbl.o [4]
  .text              ro code   0x800'4460    0x6c  hal_misc.o [1]
  .text              ro code   0x800'44cc    0xc8  hal_uart.o [1]
  .text              ro code   0x800'4594   0x2d0  system_mm32f327x.o [1]
  .text              ro code   0x800'4864    0x7c  LQ_DMA.o [1]
  .text              ro code   0x800'48e0    0x50  hal_dma.o [1]
  .text              ro code   0x800'4930    0x38  main.o [1]
  .text              ro code   0x800'4968    0x34  Control.o [1]
  .text              ro code   0x800'499c    0x38  packbits_init_single.o [5]
  .text              ro code   0x800'49d4    0x28  data_init.o [5]
  .iar.init_table    const     0x800'49fc    0x20  - Linker created -
  .rodata            const     0x800'4a1c    0x20  LQ_TIMER.o [1]
  .text              ro code   0x800'4a3c    0x1e  cmain.o [5]
  .text              ro code   0x800'4a5a     0x4  low_level_init.o [3]
  .text              ro code   0x800'4a5e     0x4  exit.o [3]
  .text              ro code   0x800'4a64     0xa  cexit.o [5]
  .text              ro code   0x800'4a6e    0x16  xprout.o [3]
  .text              ro code   0x800'4a84     0xc  putchar.o [3]
  .rodata            const     0x800'4a90    0x14  main.o [1]
  .text              ro code   0x800'4aa4    0x10  startup_mm32f327x_iar.o [1]
  .rodata            const     0x800'4ab4     0xc  Angle_Est.o [1]
  .rodata            const     0x800'4ac0     0xc  Control.o [1]
  .rodata            const     0x800'4acc     0xc  LQ_ICM42605.o [1]
  .rodata            const     0x800'4ad8     0xc  LQ_ICM42605.o [1]
  .rodata            const     0x800'4ae4     0xc  LQ_ICM42605.o [1]
  .rodata            const     0x800'4af0     0xc  LQ_ICM42605.o [1]
  .rodata            const     0x800'4afc     0xc  LQ_ICM42605.o [1]
  .text              ro code   0x800'4b08     0xc  cstartup_M.o [5]
  .rodata            const     0x800'4b14     0x8  LQ_TIMER.o [1]
  .rodata            const     0x800'4b1c     0x8  LQ_TIMER.o [1]
  .rodata            const     0x800'4b24     0x8  LQ_TIMER.o [1]
  .rodata            const     0x800'4b2c     0x8  LQ_TIMER.o [1]
  .rodata            const     0x800'4b34     0x8  LQ_TIMER.o [1]
  .rodata            const     0x800'4b3c     0x8  LQ_TIMER.o [1]
  .rodata            const     0x800'4b44     0x4  xlocale_c.o [3]
  .rodata            const     0x800'4b48     0x0  zero_init3.o [5]
  .rodata            const     0x800'4b48     0x0  packbits_init_single.o [5]
  Initializer bytes  const     0x800'4b48    0x8b  <for P2-1>
                             - 0x800'4bd3  0x4a43

"P2", part 1 of 3:                           0xb4
  P2-1                        0x2000'0000    0xb4  <Init block>
    .data            inited   0x2000'0000    0x10  hal_rcc.o [1]
    .data            inited   0x2000'0010    0x20  LQ_GPIO.o [1]
    .data            inited   0x2000'0030     0x4  system_mm32f327x.o [1]
    .data            inited   0x2000'0034    0x48  xfiles.o [3]
    .data            inited   0x2000'007c    0x38  xlocale_c.o [3]
                            - 0x2000'00b4    0xb4

"P2", part 2 of 3:                           0x68
  .bss               zero     0x2000'00b4    0x50  xfiles.o [3]
  .bss               zero     0x2000'0104     0x4  xfail_s.o [3]
  .bss               zero     0x2000'0108     0x2  LQ_TIMER.o [1]
  .bss               zero     0x2000'010a     0x2  LQ_TIMER.o [1]
  .bss               zero     0x2000'010c     0x2  main.o [1]
  .bss               zero     0x2000'010e     0x2  main.o [1]
  .bss               zero     0x2000'0110     0x2  main.o [1]
  .bss               zero     0x2000'0112     0x2  main.o [1]
  .bss               zero     0x2000'0114     0x2  main.o [1]
  .bss               zero     0x2000'0116     0x2  main.o [1]
  .bss               zero     0x2000'0118     0x1  LQ_CAMERA.o [1]
                            - 0x2000'0119    0x65

"P2", part 3 of 3:                          0x800
  CSTACK                      0x2000'0120   0x800  <Block>
    CSTACK           uninit   0x2000'0120   0x800  <Block tail>
                            - 0x2000'0920   0x800

Unused ranges:

         From           To      Size
         ----           --      ----
   0x800'4bd3   0x807'ffff  0x7'b42d
  0x2000'011c  0x2000'011f       0x4
  0x2000'0920  0x2001'ffff  0x1'f6e0


*******************************************************************************
*** INIT TABLE
***

          Address      Size
          -------      ----
Zero (__iar_zero_init3)
    1 destination range, total size 0x65:
          0x2000'00b4  0x65

Copy/packbits (__iar_packbits_init_single3)
    1 source range, total size 0x8b (77% of destination):
           0x800'4b48  0x8b
    1 destination range, total size 0xb4:
          0x2000'0000  0xb4



*******************************************************************************
*** MODULE SUMMARY
***

    Module                   ro code  ro data  rw data
    ------                   -------  -------  -------
command line/config:
    --------------------------------------------------
    Total:

D:\My Files\SmartCar\LQ_F3277_Lib 210415\IARprj\Debug\Obj: [1]
    Angle_Est.o                  188       12
    Control.o                     52       12
    LQ_CAMERA.o                   60                 1
    LQ_DMA.o                     124
    LQ_Encoder.o                 140
    LQ_GPIO.o                    280       25       32
    LQ_GPIO_LED.o                656
    LQ_ICM42605.o                724       60
    LQ_SOFTSPI.o                 192
    LQ_SYS.o                     208
    LQ_TFT18.o                 1 424    4 252
    LQ_TIMER.o                 1 016       80        4
    LQ_UART.o                    852
    hal_dma.o                     80
    hal_exti.o                    40
    hal_gpio.o                   264
    hal_misc.o                   108
    hal_rcc.o                    304       12       16
    hal_tim.o                    216
    hal_uart.o                   200
    main.o                        56       20       12
    startup_mm32f327x_iar.o      418
    system_mm32f327x.o           720        3        4
    --------------------------------------------------
    Total:                     8 322    4 476       69

LQ_MPU6050_DMP.a: [2]
    --------------------------------------------------
    Total:

dl7M_tlf.a: [3]
    abort.o                        6
    exit.o                         4
    low_level_init.o               4
    printf.o                      40
    putchar.o                     12
    sprintf.o                     64
    xfail_s.o                     64                 4
    xfiles.o                               55      152
    xlocale_c.o                    8       48       56
    xprintflarge_nomb.o        3 094
    xprout.o                      22
    xsprout.o                     10
    --------------------------------------------------
    Total:                     3 328      103      212

m7M_tl.a: [4]
    DblAdd.o                     362
    DblDiv.o                     582
    DblMul.o                     418
    DblSub.o                     226
    DblToFlt.o                   104
    DblToU32.o                    40
    FltToDbl.o                    72
    S32ToDbl.o                    34
    S32ToFlt.o                    36
    U32ToDbl.o                    26
    frexp.o                      112
    --------------------------------------------------
    Total:                     2 012

rt7M_tl.a: [5]
    ABImemcpy.o                  166
    I64DivMod.o                  560
    I64DivZer.o                    2
    cexit.o                       10
    cmain.o                       30
    cstartup_M.o                  12
    data_init.o                   40
    memchr.o                      88
    packbits_init_single.o        56
    strchr.o                      22
    strlen.o                      54
    zero_init3.o                  58
    --------------------------------------------------
    Total:                     1 098

shb_l.a: [6]
    exit.o                        20
    --------------------------------------------------
    Total:                        20

    Gaps                          20
    Linker created                         32    2 048
------------------------------------------------------
    Grand Total:              14 800    4 611    2 329


*******************************************************************************
*** ENTRY LIST
***

Entry                       Address   Size  Type      Object
-----                       -------   ----  ----      ------
.iar.init_table$$Base    0x800'49fc          --   Gb  - Linker created -
.iar.init_table$$Limit   0x800'4a1c          --   Gb  - Linker created -
?main                    0x800'4a3d         Code  Gb  cmain.o [5]
Accx                    0x2000'010c    0x2  Data  Gb  main.o [1]
Accy                    0x2000'010e    0x2  Data  Gb  main.o [1]
Accz                    0x2000'0110    0x2  Data  Gb  main.o [1]
AutoCalPllFactor         0x800'45d9   0x54  Code  Gb  system_mm32f327x.o [1]
Boot_gyro_and_acc        0x800'4969   0x34  Code  Gb  Control.o [1]
CSTACK$$Base            0x2000'0120          --   Gb  - Linker created -
CSTACK$$Limit           0x2000'0920          --   Gb  - Linker created -
Camera_Flag             0x2000'0118    0x1  Data  Gb  LQ_CAMERA.o [1]
DELAY_xUs                0x800'462d   0x2e  Code  Lc  system_mm32f327x.o [1]
DMA1_Channel1_IRQHandler
                         0x800'4865   0x1c  Code  Gb  LQ_DMA.o [1]
DMA1_Channel2_IRQHandler
                         0x800'4881   0x14  Code  Gb  LQ_DMA.o [1]
DMA1_Channel3_IRQHandler
                         0x800'4895   0x18  Code  Gb  LQ_DMA.o [1]
DMA1_Channel4_IRQHandler
                         0x800'48ad   0x1c  Code  Gb  LQ_DMA.o [1]
DMA1_Channel5_IRQHandler
                         0x800'48c9   0x18  Code  Gb  LQ_DMA.o [1]
DMA_ClearFlag            0x800'48e1   0x12  Code  Gb  hal_dma.o [1]
DMA_GetITStatus          0x800'48f3   0x2a  Code  Gb  hal_dma.o [1]
ECPULSE1                0x2000'0108    0x2  Data  Gb  LQ_TIMER.o [1]
ECPULSE2                0x2000'010a    0x2  Data  Gb  LQ_TIMER.o [1]
EXTI0_IRQHandler         0x800'2a31    0xa  Code  Gb  LQ_GPIO.o [1]
EXTI1_IRQHandler         0x800'2a3b   0x16  Code  Gb  LQ_GPIO.o [1]
EXTI2_IRQHandler         0x800'2a51   0x12  Code  Gb  LQ_GPIO.o [1]
EXTI4_IRQHandler         0x800'2a63    0xa  Code  Gb  LQ_GPIO.o [1]
EXTI9_5_IRQHandler       0x800'2a6d   0x48  Code  Gb  LQ_GPIO.o [1]
EXTI_ClearFlag           0x800'2c51    0x6  Code  Gb  hal_exti.o [1]
EXTI_GetITStatus         0x800'2c57   0x1a  Code  Gb  hal_exti.o [1]
Font_code16              0x800'18c0  0xbe0  Data  Gb  LQ_TFT18.o [1]
Font_code8               0x800'3074  0x4bc  Data  Gb  LQ_TFT18.o [1]
GPIO_Init                0x800'2b49   0x9c  Code  Gb  hal_gpio.o [1]
GPIO_LED_Init            0x800'2cb5   0x34  Code  Gb  LQ_GPIO_LED.o [1]
GPIO_PinAFConfig         0x800'2c27   0x2a  Code  Gb  hal_gpio.o [1]
GPIO_ReadInputDataBit    0x800'2be5   0x12  Code  Gb  hal_gpio.o [1]
GPIO_ReadOutputDataBit   0x800'2bf7   0x12  Code  Gb  hal_gpio.o [1]
GPIO_ResetBits           0x800'2c0f    0x6  Code  Gb  hal_gpio.o [1]
GPIO_SetBits             0x800'2c09    0x6  Code  Gb  hal_gpio.o [1]
GPIO_WriteBit            0x800'2c15   0x12  Code  Gb  hal_gpio.o [1]
Gyrox                   0x2000'0112    0x2  Data  Gb  main.o [1]
Gyroy                   0x2000'0114    0x2  Data  Gb  main.o [1]
Gyroz                   0x2000'0116    0x2  Data  Gb  main.o [1]
ICM_Get_Raw_data         0x800'3a43   0x78  Code  Gb  LQ_ICM42605.o [1]
ICM_Read_Len             0x800'3a01   0x14  Code  Gb  LQ_ICM42605.o [1]
LED_Ctrl                 0x800'2ce9  0x252  Code  Gb  LQ_GPIO_LED.o [1]
LQ_Init3227              0x800'3f0d   0x20  Code  Gb  LQ_SYS.o [1]
LoadInt                  0x800'0335   0x7a  Code  Lc  xprintflarge_nomb.o [3]
MT9V034_DMA_CLS          0x800'2c91   0x18  Code  Gb  LQ_CAMERA.o [1]
MT9V034_DMA_START        0x800'2c79   0x18  Code  Gb  LQ_CAMERA.o [1]
NVIC_Init                0x800'4461   0x5c  Code  Gb  hal_misc.o [1]
PIN_InitConfig           0x800'2ab5   0x8e  Code  Gb  LQ_GPIO.o [1]
PORTX                   0x2000'0010   0x20  Data  Gb  LQ_GPIO.o [1]
RCC_AHBPeriphClockCmd    0x800'2ff3   0x20  Code  Gb  hal_rcc.o [1]
RCC_APB1PeriphClockCmd   0x800'3033   0x20  Code  Gb  hal_rcc.o [1]
RCC_APB2PeriphClockCmd   0x800'3013   0x20  Code  Gb  hal_rcc.o [1]
RCC_GetHCLKFreq          0x800'2fa5   0x1a  Code  Gb  hal_rcc.o [1]
RCC_GetPCLK1Freq         0x800'2fbf   0x1a  Code  Gb  hal_rcc.o [1]
RCC_GetPCLK2Freq         0x800'2fd9   0x1a  Code  Gb  hal_rcc.o [1]
RCC_GetSysClockFreq      0x800'2f45   0x60  Code  Gb  hal_rcc.o [1]
Read_Encoder             0x800'3dd1   0x74  Code  Gb  LQ_Encoder.o [1]
Region$$Table$$Base      0x800'49fc          --   Gb  - Linker created -
Region$$Table$$Limit     0x800'4a1c          --   Gb  - Linker created -
SetSysClock              0x800'465b   0x26  Code  Lc  system_mm32f327x.o [1]
SetSysClockToXX          0x800'4681  0x18a  Code  Lc  system_mm32f327x.o [1]
Soft_SPI_Init            0x800'3f2d   0x34  Code  Gb  LQ_SOFTSPI.o [1]
Soft_SPI_ReadWriteNbyte
                         0x800'3f61   0x88  Code  Gb  LQ_SOFTSPI.o [1]
SystemCoreClock         0x2000'0030    0x4  Data  Gb  system_mm32f327x.o [1]
SystemInit               0x800'4595   0x44  Code  Gb  system_mm32f327x.o [1]
TFTSPI_Addr_Rst          0x800'282d   0x46  Code  Gb  LQ_TFT18.o [1]
TFTSPI_CLS               0x800'2873   0x26  Code  Gb  LQ_TFT18.o [1]
TFTSPI_Init              0x800'24cb  0x21a  Code  Gb  LQ_TFT18.o [1]
TFTSPI_P6X8              0x800'2899   0x8c  Code  Gb  LQ_TFT18.o [1]
TFTSPI_P6X8Str           0x800'29af   0x3a  Code  Gb  LQ_TFT18.o [1]
TFTSPI_P8X16             0x800'2925   0x8a  Code  Gb  LQ_TFT18.o [1]
TFTSPI_P8X16Str          0x800'29e9   0x3a  Code  Gb  LQ_TFT18.o [1]
TFTSPI_Set_Pos           0x800'27d7   0x56  Code  Gb  LQ_TFT18.o [1]
TFTSPI_Write_Byte        0x800'273b   0x48  Code  Gb  LQ_TFT18.o [1]
TFTSPI_Write_Cmd         0x800'26f3   0x48  Code  Gb  LQ_TFT18.o [1]
TFTSPI_Write_Word        0x800'2783   0x54  Code  Gb  LQ_TFT18.o [1]
TIM1_UP_IRQHandler       0x800'3531   0x1c  Code  Gb  LQ_TIMER.o [1]
TIM2_IRQHandler          0x800'354d   0x24  Code  Gb  LQ_TIMER.o [1]
TIM3_IRQHandler          0x800'3571   0x24  Code  Gb  LQ_TIMER.o [1]
TIM4_IRQHandler          0x800'3595   0x22  Code  Gb  LQ_TIMER.o [1]
TIM5_IRQHandler          0x800'35b7   0xfa  Code  Gb  LQ_TIMER.o [1]
TIM6_IRQHandler          0x800'36b1   0x36  Code  Gb  LQ_TIMER.o [1]
TIM7_IRQHandler          0x800'36e7   0x18  Code  Gb  LQ_TIMER.o [1]
TIM8_UP_IRQHandler       0x800'36ff   0x22  Code  Gb  LQ_TIMER.o [1]
TIMER_InitConfig         0x800'3721  0x1ac  Code  Gb  LQ_TIMER.o [1]
TIMERx                   0x800'4a1c   0x20  Data  Gb  LQ_TIMER.o [1]
TIM_ClearITPendingBit    0x800'39e3    0xa  Code  Gb  hal_tim.o [1]
TIM_Cmd                  0x800'399b   0x1a  Code  Gb  hal_tim.o [1]
TIM_GetITStatus          0x800'39cd   0x16  Code  Gb  hal_tim.o [1]
TIM_ITConfig             0x800'39b5   0x18  Code  Gb  hal_tim.o [1]
TIM_TimeBaseInit         0x800'3929   0x72  Code  Gb  hal_tim.o [1]
UART1_IRQHandler         0x800'3fed   0x2c  Code  Gb  LQ_UART.o [1]
UART2_IRQHandler         0x800'4019   0x2c  Code  Gb  LQ_UART.o [1]
UART3_IRQHandler         0x800'4045   0x2c  Code  Gb  LQ_UART.o [1]
UART4_IRQHandler         0x800'4071   0x2c  Code  Gb  LQ_UART.o [1]
UART5_IRQHandler         0x800'409d   0x2a  Code  Gb  LQ_UART.o [1]
UART6_IRQHandler         0x800'40c7   0x2a  Code  Gb  LQ_UART.o [1]
UART7_IRQHandler         0x800'40f1   0x2a  Code  Gb  LQ_UART.o [1]
UART8_IRQHandler         0x800'411b   0x2a  Code  Gb  LQ_UART.o [1]
UART_ClearITPendingBit   0x800'458f    0x6  Code  Gb  hal_uart.o [1]
UART_Cmd                 0x800'4541    0xe  Code  Gb  hal_uart.o [1]
UART_GetChar             0x800'42ef    0xa  Code  Gb  LQ_UART.o [1]
UART_GetFlagStatus       0x800'457d   0x12  Code  Gb  hal_uart.o [1]
UART_ITConfig            0x800'454f   0x1c  Code  Gb  hal_uart.o [1]
UART_Init                0x800'44cd   0x6c  Code  Gb  hal_uart.o [1]
UART_InitConfig          0x800'419f   0xde  Code  Gb  LQ_UART.o [1]
UART_PinConfig           0x800'4145   0x5a  Code  Gb  LQ_UART.o [1]
UART_PutChar             0x800'42b9   0x1c  Code  Gb  LQ_UART.o [1]
UART_PutStr              0x800'42d5   0x1a  Code  Gb  LQ_UART.o [1]
UART_RX_IRQ_Config       0x800'427d   0x3c  Code  Gb  LQ_UART.o [1]
UART_ReceiveData         0x800'4575    0x8  Code  Gb  hal_uart.o [1]
UART_SendData            0x800'456b    0xa  Code  Gb  hal_uart.o [1]
UpdateAngle              0x800'3d15   0xbc  Code  Gb  Angle_Est.o [1]
_GenldLargeNoMb          0x800'0ac5  0x24c  Code  Lc  xprintflarge_nomb.o [3]
_LdtobLargeNoMb          0x800'086b  0x232  Code  Lc  xprintflarge_nomb.o [3]
_LitobLargeNoMb          0x800'071b  0x10a  Code  Lc  xprintflarge_nomb.o [3]
_Locale_lconv           0x2000'007c   0x38  Data  Lc  xlocale_c.o [3]
_PrintfLargeNoMb         0x800'0191  0x19e  Code  Gb  xprintflarge_nomb.o [3]
_Prout                   0x800'4a6f   0x16  Code  Gb  xprout.o [3]
_PutcharsLargeNoMb       0x800'0d11   0x2e  Code  Lc  xprintflarge_nomb.o [3]
_PutfldLargeNoMb         0x800'03af  0x260  Code  Lc  xprintflarge_nomb.o [3]
_PuttxtLargeNoMb         0x800'060f  0x10c  Code  Lc  xprintflarge_nomb.o [3]
_SProut                  0x800'0df7    0xa  Code  Gb  xsprout.o [3]
__NVIC_SetPriority       0x800'3e5d   0x24  Code  Lc  LQ_SYS.o [1]
__Vectors                0x800'0000          --   Gb  startup_mm32f327x_iar.o [1]
__Vectors_End            0x800'0190         Data  Gb  startup_mm32f327x_iar.o [1]
__Vectors_Size {Abs}          0x190          --   Gb  startup_mm32f327x_iar.o [1]
__aeabi_d2f              0x800'43b1         Code  Gb  DblToFlt.o [4]
__aeabi_d2uiz            0x800'1605         Code  Gb  DblToU32.o [4]
__aeabi_ddiv             0x800'13bd         Code  Gb  DblDiv.o [4]
__aeabi_dmul             0x800'1101         Code  Gb  DblMul.o [4]
__aeabi_dsub             0x800'1649         Code  Gb  DblSub.o [4]
__aeabi_f2d              0x800'4419         Code  Gb  FltToDbl.o [4]
__aeabi_i2d              0x800'438d         Code  Gb  S32ToDbl.o [4]
__aeabi_i2f              0x800'4369         Code  Gb  S32ToFlt.o [4]
__aeabi_ldiv0            0x800'173d         Code  Gb  I64DivZer.o [5]
__aeabi_memcpy           0x800'12a5         Code  Gb  ABImemcpy.o [5]
__aeabi_memcpy4          0x800'12c5         Code  Gb  ABImemcpy.o [5]
__aeabi_memcpy8          0x800'12c5         Code  Gb  ABImemcpy.o [5]
__aeabi_ui2d             0x800'162d         Code  Gb  U32ToDbl.o [4]
__aeabi_uldivmod         0x800'0ed1         Code  Gb  I64DivMod.o [5]
__cmain                  0x800'4a3d         Code  Gb  cmain.o [5]
__exit                   0x800'18ad   0x14  Code  Gb  exit.o [6]
__iar_Fail_s             0x800'0e01   0x1c  Code  Gb  xfail_s.o [3]
__iar_Memchr             0x800'0e79         Code  Gb  memchr.o [5]
__iar_Stdout            0x2000'0034   0x48  Data  Gb  xfiles.o [3]
__iar_Strchr             0x800'0de1         Code  Gb  strchr.o [5]
__iar_dadd               0x800'1659         Code  Gb  DblSub.o [4]
__iar_data_init3         0x800'49d5   0x28  Code  Gb  data_init.o [5]
__iar_dsub               0x800'1741         Code  Gb  DblAdd.o [4]
__iar_dsubStart          0x800'1753         Code  Gb  DblAdd.o [4]
__iar_frexp              0x800'1359         Code  Gb  frexp.o [4]
__iar_frexp64            0x800'134d         Code  Gb  frexp.o [4]
__iar_frexpl             0x800'1359         Code  Gb  frexp.o [4]
__iar_packbits_init_single3
                         0x800'499d   0x38  Code  Gb  packbits_init_single.o [5]
__iar_program_start      0x800'4b09         Code  Gb  cstartup_M.o [5]
__iar_zero_init3         0x800'0da7   0x3a  Code  Gb  zero_init3.o [5]
__low_level_init         0x800'4a5b    0x4  Code  Gb  low_level_init.o [3]
__vector_table           0x800'0000         Data  Gb  startup_mm32f327x_iar.o [1]
__vector_table_0x1c      0x800'001c         Data  Gb  startup_mm32f327x_iar.o [1]
_call_main               0x800'4a49         Code  Gb  cmain.o [5]
_exit                    0x800'4a65         Code  Gb  cexit.o [5]
_main                    0x800'4a57         Code  Gb  cmain.o [5]
abort                    0x800'1735    0x6  Code  Gb  abort.o [3]
delayms                  0x800'3ebb   0x1a  Code  Gb  LQ_SYS.o [1]
delayus                  0x800'3e81   0x3a  Code  Gb  LQ_SYS.o [1]
exit                     0x800'4a5f    0x4  Code  Gb  exit.o [3]
fputc                    0x800'42f9   0x22  Code  Gb  LQ_UART.o [1]
frexp                    0x800'134d         Code  Gb  frexp.o [4]
frexpl                   0x800'134d         Code  Gb  frexp.o [4]
icm42605_init            0x800'3abb  0x1fc  Code  Gb  LQ_ICM42605.o [1]
icm42605_read_reg        0x800'3a15   0x18  Code  Gb  LQ_ICM42605.o [1]
icm42605_write_reg       0x800'3a2d   0x16  Code  Gb  LQ_ICM42605.o [1]
localeconv               0x800'172d    0x4  Code  Gb  xlocale_c.o [3]
lq_tft_delayms           0x800'24a1   0x2a  Code  Lc  LQ_TFT18.o [1]
main                     0x800'4931   0x38  Code  Gb  main.o [1]
memchr                   0x800'0e79         Code  Gb  memchr.o [5]
nvic_init                0x800'3ed5   0x1c  Code  Gb  LQ_SYS.o [1]
obuf                    0x2000'00b4   0x50  Data  Lc  xfiles.o [3]
printf                   0x800'4341   0x28  Code  Gb  printf.o [3]
putchar                  0x800'4a85    0xc  Code  Gb  putchar.o [3]
scale                    0x800'0825   0x46  Code  Lc  xprintflarge_nomb.o [3]
sec_hand                0x2000'0104    0x4  Data  Lc  xfail_s.o [3]
sprintf                  0x800'3cd5   0x40  Code  Gb  sprintf.o [3]
strchr                   0x800'0de1         Code  Gb  strchr.o [5]
strlen                   0x800'0e41         Code  Gb  strlen.o [5]
tbPresc                 0x2000'0000   0x10  Data  Gb  hal_rcc.o [1]
tft18delay_1us           0x800'26e5    0xe  Code  Gb  LQ_TFT18.o [1]


[1] = D:\My Files\SmartCar\LQ_F3277_Lib 210415\IARprj\Debug\Obj
[2] = LQ_MPU6050_DMP.a
[3] = dl7M_tlf.a
[4] = m7M_tl.a
[5] = rt7M_tl.a
[6] = shb_l.a

  14 800 bytes of readonly  code memory
   4 611 bytes of readonly  data memory
   2 329 bytes of readwrite data memory

Errors: none
Warnings: 1
